// Jest Snapshot v1, https://goo.gl/fbAQLP

exports[`<NavBar /> should render the NavBar 1`] = `
<styled.header>
  <styled.div>
    <styled.img
      alt="Logo"
      src="logo.png"
    />
  </styled.div>
</styled.header>
`;
